 in_source: |
  .data
      x: 0
      yourname: ""
  .code
      readloop:
          ld yourname
          st x
      readloop_1:
          ld in
          st &yourname
          jz answer_name
          inc yourname
          jmp readloop_1
      answer_name:
          ld x
          st yourname
      answer_name_1:
          st yourname
          ld &yourname
          jz break
          st out
          inc yourname
          jmp answer_name_1
      break:
          halt
in_stdin: |-
  Dima
out_code: |-
  [{"index": 0, "opcode": "var", "arg": 0, "name": "x"}, {"index": 1, "opcode": "var", "arg": "\"\"", "name": "yourname"}, {"index": 2, "opcode": "ld", "arg": 1}, {"index": 3, "opcode": "st", "arg": 0}, {"index": 4, "opcode": "ld", "arg": "in"}, {"index": 5, "opcode": "st", "arg": 1, "kosven": 1}, {"index": 6, "opcode": "jz", "arg": 9}, {"index": 7, "opcode": "inc", "arg": 1}, {"index": 8, "opcode": "jmp", "arg": 4}, {"index": 9, "opcode": "ld", "arg": 0}, {"index": 10, "opcode": "st", "arg": 1}, {"index": 11, "opcode": "st", "arg": 1}, {"index": 12, "opcode": "ld", "arg": 1, "kosven": 1}, {"index": 13, "opcode": "jz", "arg": 17}, {"index": 14, "opcode": "st", "arg": "out"}, {"index": 15, "opcode": "inc", "arg": 1}, {"index": 16, "opcode": "jmp", "arg": 11}, {"index": 17, "opcode": "halt"}]
out_stdout: |
  source LoC: 25 code instr: 18
  ============================================================
  Dima
  instr_counter:  55 ticks: 136
out_log: |
  DEBUG   machine:simulation    TICK: 136   PC: 55   ACC: 0  DR: 0  ZERO: True 	halt-
