in_source: |
  .data
      text: "hello world"
  .code
      loop:
          ld &text
          jz break
          st out
          inc text
          jmp loop
      break:
          halt
in_stdin: |
out_code: |-
  [{"index": 0, "opcode": "var", "arg": "\"hello world\"", "name": "text"}, {"index": 1, "opcode": "ld", "arg": 0, "kosven": 1}, {"index": 2, "opcode": "jz", "arg": 6}, {"index": 3, "opcode": "st", "arg": "out"}, {"index": 4, "opcode": "inc", "arg": 0}, {"index": 5, "opcode": "jmp", "arg": 1}, {"index": 6, "opcode": "halt"}]
out_stdout: |
  source LoC: 11 code instr: 7
  ============================================================
  hello world
  instr_counter:  58 ticks: 160
out_log: |
  DEBUG   machine:simulation    TICK: 4   PC: 1   ACC: h  DR: h  ZERO: False 	ld&4
  DEBUG   machine:simulation    TICK: 5   PC: 2   ACC: h  DR: h  ZERO: False 	jz22
  DEBUG   machine:simulation    TICK: 6   PC: 3   ACC: h  DR: h  ZERO: False 	stout
  DEBUG   machine:simulation    TICK: 13   PC: 4   ACC: 6  DR: 6  ZERO: False 	inc4
  DEBUG   machine:simulation    TICK: 14   PC: 5   ACC: 6  DR: 6  ZERO: False
  DEBUG   machine:simulation    TICK: 18   PC: 6   ACC: e  DR: e  ZERO: False 	ld&4
  DEBUG   machine:simulation    TICK: 19   PC: 7   ACC: e  DR: e  ZERO: False 	jz22
  DEBUG   machine:simulation    TICK: 20   PC: 8   ACC: e  DR: e  ZERO: False 	stout
  DEBUG   machine:simulation    TICK: 27   PC: 9   ACC: 7  DR: 7  ZERO: False 	inc4
  DEBUG   machine:simulation    TICK: 28   PC: 10   ACC: 7  DR: 7  ZERO: False
  DEBUG   machine:simulation    TICK: 32   PC: 11   ACC: l  DR: l  ZERO: False 	ld&4
  DEBUG   machine:simulation    TICK: 33   PC: 12   ACC: l  DR: l  ZERO: False 	jz22
  DEBUG   machine:simulation    TICK: 34   PC: 13   ACC: l  DR: l  ZERO: False 	stout
  DEBUG   machine:simulation    TICK: 41   PC: 14   ACC: 8  DR: 8  ZERO: False 	inc4
  DEBUG   machine:simulation    TICK: 42   PC: 15   ACC: 8  DR: 8  ZERO: False
  DEBUG   machine:simulation    TICK: 46   PC: 16   ACC: l  DR: l  ZERO: False 	ld&4
  DEBUG   machine:simulation    TICK: 47   PC: 17   ACC: l  DR: l  ZERO: False 	jz22
  DEBUG   machine:simulation    TICK: 48   PC: 18   ACC: l  DR: l  ZERO: False 	stout
  DEBUG   machine:simulation    TICK: 55   PC: 19   ACC: 9  DR: 9  ZERO: False 	inc4
  DEBUG   machine:simulation    TICK: 56   PC: 20   ACC: 9  DR: 9  ZERO: False
  DEBUG   machine:simulation    TICK: 60   PC: 21   ACC: o  DR: o  ZERO: False 	ld&4
  DEBUG   machine:simulation    TICK: 61   PC: 22   ACC: o  DR: o  ZERO: False 	jz22
  DEBUG   machine:simulation    TICK: 62   PC: 23   ACC: o  DR: o  ZERO: False 	stout
  DEBUG   machine:simulation    TICK: 69   PC: 24   ACC: 10  DR: 10  ZERO: False 	inc4
  DEBUG   machine:simulation    TICK: 70   PC: 25   ACC: 10  DR: 10  ZERO: False
  DEBUG   machine:simulation    TICK: 74   PC: 26   ACC:    DR:    ZERO: False 	ld&4
  DEBUG   machine:simulation    TICK: 75   PC: 27   ACC:    DR:    ZERO: False 	jz22
  DEBUG   machine:simulation    TICK: 76   PC: 28   ACC:    DR:    ZERO: False 	stout
  DEBUG   machine:simulation    TICK: 83   PC: 29   ACC: 11  DR: 11  ZERO: False 	inc4
  DEBUG   machine:simulation    TICK: 84   PC: 30   ACC: 11  DR: 11  ZERO: False
  DEBUG   machine:simulation    TICK: 88   PC: 31   ACC: w  DR: w  ZERO: False 	ld&4
  DEBUG   machine:simulation    TICK: 89   PC: 32   ACC: w  DR: w  ZERO: False 	jz22
  DEBUG   machine:simulation    TICK: 90   PC: 33   ACC: w  DR: w  ZERO: False 	stout
  DEBUG   machine:simulation    TICK: 97   PC: 34   ACC: 12  DR: 12  ZERO: False 	inc4
  DEBUG   machine:simulation    TICK: 98   PC: 35   ACC: 12  DR: 12  ZERO: False
  DEBUG   machine:simulation    TICK: 102   PC: 36   ACC: o  DR: o  ZERO: False 	ld&4
  DEBUG   machine:simulation    TICK: 103   PC: 37   ACC: o  DR: o  ZERO: False 	jz22
  DEBUG   machine:simulation    TICK: 104   PC: 38   ACC: o  DR: o  ZERO: False 	stout
  DEBUG   machine:simulation    TICK: 111   PC: 39   ACC: 13  DR: 13  ZERO: False 	inc4
  DEBUG   machine:simulation    TICK: 112   PC: 40   ACC: 13  DR: 13  ZERO: False
  DEBUG   machine:simulation    TICK: 116   PC: 41   ACC: r  DR: r  ZERO: False 	ld&4
  DEBUG   machine:simulation    TICK: 117   PC: 42   ACC: r  DR: r  ZERO: False 	jz22
  DEBUG   machine:simulation    TICK: 118   PC: 43   ACC: r  DR: r  ZERO: False 	stout
  DEBUG   machine:simulation    TICK: 125   PC: 44   ACC: 14  DR: 14  ZERO: False 	inc4
  DEBUG   machine:simulation    TICK: 126   PC: 45   ACC: 14  DR: 14  ZERO: False
  DEBUG   machine:simulation    TICK: 130   PC: 46   ACC: l  DR: l  ZERO: False 	ld&4
  DEBUG   machine:simulation    TICK: 131   PC: 47   ACC: l  DR: l  ZERO: False 	jz22
  DEBUG   machine:simulation    TICK: 132   PC: 48   ACC: l  DR: l  ZERO: False 	stout
  DEBUG   machine:simulation    TICK: 139   PC: 49   ACC: 15  DR: 15  ZERO: False 	inc4
  DEBUG   machine:simulation    TICK: 140   PC: 50   ACC: 15  DR: 15  ZERO: False
  DEBUG   machine:simulation    TICK: 144   PC: 51   ACC: d  DR: d  ZERO: False 	ld&4
  DEBUG   machine:simulation    TICK: 145   PC: 52   ACC: d  DR: d  ZERO: False 	jz22
  DEBUG   machine:simulation    TICK: 146   PC: 53   ACC: d  DR: d  ZERO: False 	stout
  DEBUG   machine:simulation    TICK: 153   PC: 54   ACC: 16  DR: 16  ZERO: False 	inc4
  DEBUG   machine:simulation    TICK: 154   PC: 55   ACC: 16  DR: 16  ZERO: False
  DEBUG   machine:simulation    TICK: 158   PC: 56   ACC: 0  DR: 0  ZERO: True 	ld&4
  DEBUG   machine:simulation    TICK: 159   PC: 57   ACC: 0  DR: 0  ZERO: True 	jmp17
  DEBUG   machine:simulation    TICK: 160   PC: 58   ACC: 0  DR: 0  ZERO: True 	halt-
